// Jest Snapshot v1, https://goo.gl/fbAQLP

exports[`W3NCreateSign should match the snapshot 1`] = `
<div>
  <form
    class="container"
  >
    <h1
      class="heading"
    >
      web3name
    </h1>
    <p
      class="subline"
    >
      Connect a web3name to your DID
    </p>
    <section
      class="container"
    >
      <div
        class="avatar"
      >
        Identicon
      </div>
      <div
        class="centeredNameLine"
      >
        <span
          class="name"
        >
          Identity with on-chain DID and lots of coins
        </span>
      </div>
    </section>
    <p
      class="didLine"
    >
      <input
        aria-label="DID"
        class="long"
        readonly=""
        value="did:kilt:4oeJ76hdj84xnwCNqijUHUCTmfwXgSZ4vmxLEiTEYgQdBCcZ"
      />
      <button
        aria-label="copy to clipboard"
        class="copy"
        title="copy to clipboard"
        type="button"
      />
    </p>
    <p
      class="costs"
    >
      Total cost: 
      <span
        class="amount"
      >
        2
        <span
          class="fractional"
        >
          .0100
        </span>
         
        <span
          aria-label="KILT Coin"
          class="coin"
        />
      </span>
    </p>
    <p
      class="details"
    >
      <button
        aria-label="Information"
        class="show"
        type="button"
      />
       Deposit 
      2.0000
       
      <span
        aria-label="KILT Coin"
        class="coin"
      />
       + fee 
      0.0100
       
      <span
        aria-label="KILT Coin"
        class="coin"
      />
    </p>
    <p
      class="details"
    >
      <span
        class="label"
      >
        web3name: 
      </span>
      fancy-name
    </p>
    <p
      class="resetLine"
    >
      <label
        class="passwordLabel"
        for="password"
      >
        Sign with password:
      </label>
      <a
        class="reset"
        href="/identity/4pNXuxPWhMxhRctgB4qd3MkRt2Sxp7Y7sxrApVCVXCEcdQMo/reset"
      >
        Reset password
      </a>
    </p>
    <p
      class="passwordLine"
    >
      <input
        class="password"
        id="password"
        name="password"
        type="password"
        value=""
      />
      <button
        aria-label="Show"
        class="show"
        title="Show"
        type="button"
      />
      <output
        class="errorTooltip"
        hidden=""
      />
    </p>
    <label
      class="rememberLabel"
    >
      <span>
        Remember password for the next 15 minutes
      </span>
      <input
        class="remember"
        name="remember"
        type="checkbox"
      />
      <span />
    </label>
    <p
      class="buttonsLine"
    >
      <button
        class="back"
        type="button"
      >
        Back
      </button>
      <button
        class="next"
        disabled=""
        type="submit"
      >
        Sign
      </button>
      <output
        class="errorTooltip"
      >
        You need at least 2.0100 KILTs to create the web3name
      </output>
    </p>
    <div />
    <button
      aria-label="Back"
      class="linkBack"
      title="Back"
      type="button"
    />
    <p
      class="stats"
    >
      You have 3 Identities with a
      <span
        class="balance"
      >
         Total Balance: 
        <span
          class="amount"
        >
          3.7020
           
          <span
            aria-label="KILT Coin"
            class="coin"
          />
        </span>
      </span>
    </p>
  </form>
</div>
`;
