// Jest Snapshot v1, https://goo.gl/fbAQLP

exports[`DidUpgradeEuro should render 1`] = `
<div>
  <form
    autocomplete="off"
    class="container"
  >
    <h1
      class="heading"
    >
      Prepare Transaction
    </h1>
    <p
      class="subline"
    >
      Get your DID
    </p>
    <section
      class="container"
    >
      <div
        class="avatar"
      >
        Identicon
      </div>
      <div
        class="centeredNameLine"
      >
        <span
          class="name"
        >
          Light DID Identity
        </span>
      </div>
    </section>
    <dl
      class="details"
    >
      <div
        class="detail"
      >
        <dt
          class="detailName"
        >
          Account Address:
        </dt>
        <dd
          class="detailValue"
        >
          4tDjyLy2gESkLzvaLnpbn7N61VgnwAhqnTHsPPFAwaZjGwP1
        </dd>
      </div>
    </dl>
    <p
      class="resetLine"
    >
      <label
        class="passwordLabel"
        for="password"
      >
        Sign with password:
      </label>
      <a
        class="reset"
        href="/identity/4tDjyLy2gESkLzvaLnpbn7N61VgnwAhqnTHsPPFAwaZjGwP1/reset"
      >
        Reset password
      </a>
    </p>
    <p
      class="passwordLine"
    >
      <input
        class="password"
        id="password"
        name="password"
        type="password"
        value=""
      />
      <button
        aria-label="Show"
        class="show"
        title="Show"
        type="button"
      />
      <output
        class="errorTooltip"
        hidden=""
      />
    </p>
    <label
      class="rememberLabel"
    >
      <span>
        Remember password for the next 15 minutes
      </span>
      <input
        class="remember"
        name="remember"
        type="checkbox"
      />
      <span />
    </label>
    <p
      class="info"
    >
      <span>
        After signing you will go to the checkout page to pay with 
      </span>
      <span
        class="paypal"
      >
        PayPal 
      </span>
      <span>
        (total cost: EUR 4,00).
      </span>
    </p>
    <p
      class="buttonsLine"
    >
      <a
        class="cancel"
        href="/"
      >
        Cancel
      </a>
      <button
        class="submit"
        type="submit"
      >
        Sign
      </button>
    </p>
    <button
      aria-label="Back"
      class="linkBack"
      title="Back"
      type="button"
    />
  </form>
</div>
`;
