// Jest Snapshot v1, https://goo.gl/fbAQLP

exports[`SignDidCredentialsSelect should render 1`] = `
<div>
  <form
    class="container"
  >
    <h1
      class="heading"
    >
      Select Credentials
    </h1>
    <p
      class="subline"
    >
      Select credentials to attach to your signature
    </p>
    <section
      class="credentials"
    >
      <section
        class="identityLine"
      >
        <section
          class="identity"
        >
          <div
            class="avatar fullDid"
          >
            Identicon
          </div>
          <p
            class="name"
          >
            Identity with on-chain DID and lots of coins
          </p>
        </section>
        <span
          class="amount"
        >
          1.2340
           
          <span
            aria-label="KILT Coin"
            class="coin"
          />
        </span>
      </section>
      <ul
        class="list"
      >
        <li
          aria-expanded="false"
          class="selectable"
        >
          <input
            aria-labelledby="collapsedLabel"
            class="selectMultiple"
            id="0xbe7fcc7aa0186b05fd116c100e2d673fb951163693788640ce6032ad2f700dae"
            name="credential"
            type="checkbox"
          />
          <button
            class="expand"
          >
            <section
              class="collapsedShareCredential"
            >
              <h4
                class="collapsedName"
                id="collapsedLabel"
              >
                Email Credential
              </h4>
              <p
                class="collapsedValue"
              >
                Trusted Entity attester
              </p>
            </section>
          </button>
        </li>
        <li
          aria-expanded="false"
          class="selectable"
        >
          <input
            aria-labelledby="collapsedLabel"
            class="selectMultiple"
            disabled=""
            id="0xbe7fcc7aa0186b05fd116c100e2d673fb951163693788640ce6032ad2f700daf"
            name="credential"
            type="checkbox"
          />
          <button
            class="expand"
          >
            <section
              class="collapsedShareCredential notUsable"
            >
              <h4
                class="collapsedName"
                id="collapsedLabel"
              >
                Alter Ego Email
              </h4>
              <p
                class="collapsedValue"
              >
                Anonymous
              </p>
            </section>
          </button>
        </li>
        <li
          aria-expanded="false"
          class="selectable"
        >
          <input
            aria-labelledby="collapsedLabel"
            class="selectMultiple"
            id="0xbe7fcc7aa0186b05fd116c100e2d673fb951163693788640ce6032ad2f700foo"
            name="credential"
            type="checkbox"
          />
          <button
            class="expand"
          >
            <section
              class="collapsedShareCredential"
            >
              <h4
                class="collapsedName"
                id="collapsedLabel"
              >
                A really long name for my credential which probably will not fit on the screen
              </h4>
              <p
                class="collapsedValue"
              >
                Lorem Ipsum
              </p>
            </section>
          </button>
        </li>
        <li
          aria-expanded="false"
          class="selectable"
        >
          <input
            aria-labelledby="collapsedLabel"
            class="selectMultiple"
            id="0xbe7fcc7aa0186b05fd116c100e2d673fb951163693788640ce6032ad2f700bar"
            name="credential"
            type="checkbox"
          />
          <button
            class="expand"
          >
            <section
              class="collapsedShareCredential"
            >
              <h4
                class="collapsedName"
                id="collapsedLabel"
              >
                Mein Credential
              </h4>
              <p
                class="collapsedValue"
              >
                Beamter #45065-2
              </p>
            </section>
          </button>
        </li>
        <li
          aria-expanded="false"
          class="selectable"
        >
          <input
            aria-labelledby="collapsedLabel"
            class="selectMultiple"
            id="0xbe7fcc7aa0186b05fd116c100e2d673fb951163693788640ce6032ad2f700dah"
            name="credential"
            type="checkbox"
          />
          <button
            class="expand"
          >
            <section
              class="collapsedShareCredential"
            >
              <h4
                class="collapsedName"
                id="collapsedLabel"
              >
                Tweet Twit Twat
              </h4>
              <p
                class="collapsedValue"
              >
                Social KYC
              </p>
            </section>
          </button>
        </li>
        <li
          aria-expanded="false"
          class="selectable"
        >
          <input
            aria-labelledby="collapsedLabel"
            class="selectMultiple"
            id="0xbe7fcc7aa0186b05fd116c100e2d673fb951163693788640ce6032ad2f700daj"
            name="credential"
            type="checkbox"
          />
          <button
            class="expand"
          >
            <section
              class="collapsedShareCredential"
            >
              <h4
                class="collapsedName"
                id="collapsedLabel"
              >
                Dotsama Credential
              </h4>
              <p
                class="collapsedValue"
              >
                Myself
              </p>
            </section>
          </button>
        </li>
        <li
          aria-expanded="false"
          class="selectable"
        >
          <input
            aria-labelledby="collapsedLabel"
            class="selectMultiple"
            id="0xbe7fcc7aa0186b05fd116c100e2d673fb951163693788640ce6032ad2f700dak"
            name="credential"
            type="checkbox"
          />
          <button
            class="expand"
          >
            <section
              class="collapsedShareCredential"
            >
              <h4
                class="collapsedName"
                id="collapsedLabel"
              >
                All your stakes are belong to us
              </h4>
              <p
                class="collapsedValue"
              >
                Foo
              </p>
            </section>
          </button>
        </li>
        <li
          aria-expanded="false"
          class="selectable"
        >
          <input
            aria-labelledby="collapsedLabel"
            class="selectMultiple"
            id="0xbe7fcc7aa0186b05fd116c100e2d673fb951163693788640ce6032ad2f700dal"
            name="credential"
            type="checkbox"
          />
          <button
            class="expand"
          >
            <section
              class="collapsedShareCredential"
            >
              <h4
                class="collapsedName"
                id="collapsedLabel"
              >
                Lots of props
              </h4>
              <p
                class="collapsedValue"
              >
                Trustity entity attester
              </p>
            </section>
          </button>
        </li>
        <li
          aria-expanded="false"
          class="selectable"
        >
          <input
            aria-labelledby="collapsedLabel"
            class="selectMultiple"
            id="0xbe7fcc7aa0186b05fd116c100e2d673fb951163693788640ce6032ad2f700dan"
            name="credential"
            type="checkbox"
          />
          <button
            class="expand"
          >
            <section
              class="collapsedShareCredential"
            >
              <h4
                class="collapsedName"
                id="collapsedLabel"
              >
                Email Credential
              </h4>
              <p
                class="collapsedValue"
              >
                Trusted Entity attester
              </p>
            </section>
          </button>
        </li>
        <li
          aria-expanded="false"
          class="selectable"
        >
          <input
            aria-labelledby="collapsedLabel"
            class="selectMultiple"
            id="0xe4cc9f4eebf1112b3f26ad6bde36ef95ea79d544c481270f62a50d699fac819b"
            name="credential"
            type="checkbox"
          />
          <button
            class="expand"
          >
            <section
              class="collapsedShareCredential"
            >
              <h4
                class="collapsedName"
                id="collapsedLabel"
              >
                GitHub 1
              </h4>
              <p
                class="collapsedValue"
              >
                SocialKYC
              </p>
            </section>
          </button>
        </li>
        <li
          aria-expanded="false"
          class="selectable"
        >
          <input
            aria-labelledby="collapsedLabel"
            class="selectMultiple"
            id="0x86a20051e6d1eecb0dd6e9c7b3b0cf946867e662b525ef2e9afe8428f6616ae0"
            name="credential"
            type="checkbox"
          />
          <button
            class="expand"
          >
            <section
              class="collapsedShareCredential"
            >
              <h4
                class="collapsedName"
                id="collapsedLabel"
              >
                Not downloaded Email Credential
              </h4>
              <p
                class="collapsedValue"
              >
                Trusted Entity attester
              </p>
            </section>
          </button>
        </li>
      </ul>
    </section>
    <p
      class="buttonsLine"
    >
      <button
        class="cancel"
        type="button"
      >
        Cancel
      </button>
      <button
        class="next"
        disabled=""
        type="submit"
      >
        Next
      </button>
    </p>
    <button
      aria-label="Back"
      class="linkBack"
      title="Back"
      type="button"
    />
  </form>
</div>
`;
