// Jest Snapshot v1, https://goo.gl/fbAQLP

exports[`Hello renders 1`] = `
<div
  className="row"
>
  <div
    className="col-lg-12 text-center"
  >
    <p
      className="text"
    >
      Example Extension «
      Sporran
      »
    </p>
  </div>
</div>
`;
