// Jest Snapshot v1, https://goo.gl/fbAQLP

exports[`DidUpgrade should render 1`] = `
<div>
  <form
    autocomplete="off"
    class="container"
  >
    <h1
      class="heading"
    >
      Get your DID
    </h1>
    <p
      class="subline"
    >
      Sign
    </p>
    <section
      class="container"
    >
      <div
        class="avatar"
      >
        Identicon
      </div>
      <div
        class="centeredNameLine"
      >
        <span
          class="name"
        >
          Light DID Identity
        </span>
      </div>
    </section>
    <p
      class="costs"
    >
      Total cost: 
      <span
        class="amount"
      >
        1
        <span
          class="fractional"
        >
          .0100
        </span>
         
        <span
          aria-label="KILT Coin"
          class="coin"
        />
      </span>
    </p>
    <p
      class="details"
    >
      <button
        aria-label="Information"
        class="show"
        type="button"
      />
       Deposit 
      1.0000
       
      <span
        aria-label="KILT Coin"
        class="coin"
      />
       + fee 
      0.0100
       
      <span
        aria-label="KILT Coin"
        class="coin"
      />
    </p>
    <p
      class="resetLine"
    >
      <label
        class="passwordLabel"
        for="password"
      >
        Sign with password:
      </label>
      <a
        class="reset"
        href="/identity/4tDjyLy2gESkLzvaLnpbn7N61VgnwAhqnTHsPPFAwaZjGwP1/reset"
      >
        Reset password
      </a>
    </p>
    <p
      class="passwordLine"
    >
      <input
        class="password"
        id="password"
        name="password"
        type="password"
        value=""
      />
      <button
        aria-label="Show"
        class="show"
        title="Show"
        type="button"
      />
      <output
        class="errorTooltip"
        hidden=""
      />
    </p>
    <label
      class="rememberLabel"
    >
      <span>
        Remember password for the next 15 minutes
      </span>
      <input
        class="remember"
        name="remember"
        type="checkbox"
      />
      <span />
    </label>
    <p
      class="buttonsLine"
    >
      <a
        class="cancel"
        href="/"
      >
        Cancel
      </a>
      <button
        class="submit"
        type="submit"
      >
        Sign
      </button>
      <output
        class="errorTooltip"
        hidden=""
      >
        You need at least 1.0100 KILTs
      </output>
    </p>
    <div />
    <button
      aria-label="Back"
      class="linkBack"
      title="Back"
      type="button"
    />
    <p
      class="stats"
    >
      You have 3 Identities with a
      <span
        class="balance"
      >
         Total Balance: 
        <span
          class="amount"
        >
          3.7020
           
          <span
            aria-label="KILT Coin"
            class="coin"
          />
        </span>
      </span>
    </p>
  </form>
</div>
`;
