// Jest Snapshot v1, https://goo.gl/fbAQLP

exports[`ImportCredentials ImportCredentialsForm should match the snapshot 1`] = `
<div>
  <section
    class="container"
  >
    <h1
      class="heading"
    >
      Import Credentials
    </h1>
    <p
      class="subline"
    >
      To import your credentials you need your backup files
    </p>
    <div
      class="workspace"
    >
      <form
        class="form"
      >
        <p
          class="drop"
        >
          Drag’n’drop the backup files here
        </p>
        <p>
          <label
            class="fileLabel"
          >
            or Browse Files
            <input
              accept=".json,text/json"
              class="file"
              multiple=""
              name="credentials"
              type="file"
            />
          </label>
        </p>
        <button
          class="cancel"
          type="button"
        >
          Cancel
        </button>
      </form>
    </div>
    <p
      class="stats"
    >
      You have 3 Identities with a
      <span
        class="balance"
      >
         Total Balance: 
        <span
          class="amount"
        >
          3.7020
           
          <span
            aria-label="KILT Coin"
            class="coin"
          />
        </span>
      </span>
    </p>
  </section>
</div>
`;

exports[`ImportCredentials ImportCredentialsResults should match the snapshot 1`] = `
<div>
  <section
    class="container"
  >
    <h1
      class="heading"
    >
      Import Credentials
    </h1>
    <p
      class="subline"
    >
      To import your credentials you need your backup files
    </p>
    <div
      class="workspace"
    >
      <ul
        class="imports"
      >
        <li
          class="fileImport"
        >
          <h4
            class="fileName"
            title="Email-1.json"
          >
            Email-1.json
          </h4>
          <p
            class="fileResult"
          >
            Processing…
          </p>
        </li>
      </ul>
      <ul
        class="imports"
      >
        <li
          class="failedImport"
        >
          <h4
            class="fileName"
            title="Dotsama-1.json"
          >
            Dotsama-1.json
          </h4>
          <button
            aria-label="Hide this message"
            class="fileHide"
            title="Hide this message"
            type="button"
          />
          <button
            class="fileResultFail"
            type="button"
          >
            Wrong file format
          </button>
        </li>
        <li
          class="failedImport"
        >
          <h4
            class="fileName"
            title="Dotsama-2-very-long-name-that-overflows-the-space.json"
          >
            Dotsama-2-very-long-name-that-overflows-the-space.json
          </h4>
          <button
            aria-label="Hide this message"
            class="fileHide"
            title="Hide this message"
            type="button"
          />
          <button
            class="fileResultFail"
            type="button"
          >
            Identity missing
          </button>
        </li>
        <li
          class="failedImport"
        >
          <h4
            class="fileName"
            title="Dotsama-2.json"
          >
            Dotsama-2.json
          </h4>
          <button
            aria-label="Hide this message"
            class="fileHide"
            title="Hide this message"
            type="button"
          />
          <button
            class="fileResultFail"
            type="button"
          >
            Unexpected error
          </button>
        </li>
      </ul>
      <ul
        class="imports"
      >
        <li>
          <section
            class="component"
          >
            <section
              class="identity"
            >
              <div
                class="avatar"
              >
                Identicon
              </div>
              <p
                class="name"
              >
                Light DID Identity
              </p>
            </section>
            <span
              class="amount"
            >
              1.2340
               
              <span
                aria-label="KILT Coin"
                class="coin"
              />
            </span>
          </section>
          <ul
            class="imports"
          >
            <li
              class="successfulImport"
            >
              <h4
                class="successfulFileName"
                title="Twitter-1.json"
              >
                Twitter-1.json
              </h4>
              <p
                class="fileResult"
              >
                Done
              </p>
            </li>
            <li
              class="successfulImport"
            >
              <h4
                class="successfulFileName"
                title="Twitter-2-very-long-name-that-overflows-the-space.json"
              >
                Twitter-2-very-long-name-that-overflows-the-space.json
              </h4>
              <p
                class="fileResult"
              >
                Done
              </p>
            </li>
          </ul>
        </li>
      </ul>
      <button
        class="more"
        type="button"
      >
        Import More Credentials
      </button>
      <button
        class="home"
        type="button"
      >
        Close
      </button>
    </div>
    <p
      class="stats"
    >
      You have 3 Identities with a
      <span
        class="balance"
      >
         Total Balance: 
        <span
          class="amount"
        >
          3.7020
           
          <span
            aria-label="KILT Coin"
            class="coin"
          />
        </span>
      </span>
    </p>
  </section>
</div>
`;
