// Jest Snapshot v1, https://goo.gl/fbAQLP

exports[`W3NManage should render 1`] = `
<div>
  <section
    class="container"
  >
    <h1
      class="heading"
    >
      Manage web3name
    </h1>
    <section
      class="container"
    >
      <div
        class="avatar"
      >
        Identicon
      </div>
      <div
        class="centeredNameLine"
      >
        <span
          class="name"
        >
          Identity with on-chain DID and lots of coins
        </span>
      </div>
    </section>
    <p
      class="didLine"
    >
      <input
        aria-label="DID"
        class="long"
        readonly=""
        value="did:kilt:4oeJ76hdj84xnwCNqijUHUCTmfwXgSZ4vmxLEiTEYgQdBCcZ"
      />
      <button
        aria-label="copy to clipboard"
        class="copy"
        title="copy to clipboard"
        type="button"
      />
    </p>
    <input
      aria-label="web3name"
      class="web3NameLine"
      readonly=""
      value="fancy-name"
    />
    <a
      class="remove"
      href="/identity/4pNXuxPWhMxhRctgB4qd3MkRt2Sxp7Y7sxrApVCVXCEcdQMo/web3name/remove"
    >
      Remove web3name
    </a>
    <button
      aria-label="Back"
      class="linkBack"
      title="Back"
      type="button"
    />
    <p
      class="stats"
    >
      You have 3 Identities with a
      <span
        class="balance"
      >
         Total Balance: 
        <span
          class="amount"
        >
          3.7020
           
          <span
            aria-label="KILT Coin"
            class="coin"
          />
        </span>
      </span>
    </p>
  </section>
</div>
`;
