// Jest Snapshot v1, https://goo.gl/fbAQLP

exports[`DidRepair should render 1`] = `
<div>
  <form
    autocomplete="off"
    class="container"
  >
    <h1
      class="heading"
    >
      DID Update
    </h1>
    <p
      class="subline"
    >
      Please update your DID
    </p>
    <section
      class="container"
    >
      <div
        class="avatar"
      >
        Identicon
      </div>
      <div
        class="centeredNameLine"
      >
        <span
          class="name"
        >
          Identity with on-chain DID and lots of coins
        </span>
      </div>
    </section>
    <p
      class="fee"
    >
      Fee 
      0.0100
       
      <span
        aria-label="KILT Coin"
        class="coin"
      />
    </p>
    <p
      class="info"
    >
      This transaction updates your DID.
The fee has already been refunded.
    </p>
    <p
      class="resetLine"
    >
      <label
        class="passwordLabel"
        for="password"
      >
        Sign with password:
      </label>
      <a
        class="reset"
        href="/identity/4pNXuxPWhMxhRctgB4qd3MkRt2Sxp7Y7sxrApVCVXCEcdQMo/reset"
      >
        Reset password
      </a>
    </p>
    <p
      class="passwordLine"
    >
      <input
        class="password"
        id="password"
        name="password"
        type="password"
        value=""
      />
      <button
        aria-label="Show"
        class="show"
        title="Show"
        type="button"
      />
      <output
        class="errorTooltip"
        hidden=""
      />
    </p>
    <label
      class="rememberLabel"
    >
      <span>
        Remember password for the next 15 minutes
      </span>
      <input
        class="remember"
        name="remember"
        type="checkbox"
      />
      <span />
    </label>
    <p
      class="buttonsLine"
    >
      <a
        class="cancel"
        href="/"
      >
        Cancel
      </a>
      <button
        class="submit"
        type="submit"
      >
        Sign
      </button>
      <output
        class="errorTooltip"
        hidden=""
      >
        You need at least 0.0100 KILTs to update your DID
      </output>
    </p>
    <button
      aria-label="Back"
      class="linkBack"
      title="Back"
      type="button"
    />
    <p
      class="stats"
    >
      You have 3 Identities with a
      <span
        class="balance"
      >
         Total Balance: 
        <span
          class="amount"
        >
          3.7020
           
          <span
            aria-label="KILT Coin"
            class="coin"
          />
        </span>
      </span>
    </p>
  </form>
</div>
`;
