// Jest Snapshot v1, https://goo.gl/fbAQLP

exports[`LegacyDids should render 1`] = `
<div>
  <dialog
    class="overlay"
  >
    <h1
      class="heading"
    >
      Important Update
    </h1>
    <p
      class="explanation"
    >
      We are updating DIDs for initial users, to reset the DID encryption feature for messaging in the future.
    </p>
    <p
      class="cta"
    >
      Please update your DIDs by initiating a transaction for each one that you set up. We have already refunded the transaction fee to you.
    </p>
    <h3
      class="listHeading"
    >
      DIDs that need updating:
    </h3>
    <ul
      class="list"
    >
      <li>
        <a
          class="legacyIdentity"
          href="/identity/4tDjyLy2gESkLzvaLnpbn7N61VgnwAhqnTHsPPFAwaZjGwP1"
        >
          Light DID Identity
        </a>
      </li>
      <li>
        <a
          class="legacyIdentity"
          href="/identity/4pNXuxPWhMxhRctgB4qd3MkRt2Sxp7Y7sxrApVCVXCEcdQMo"
        >
          Identity with on-chain DID and lots of coins
        </a>
      </li>
      <li>
        <a
          class="legacyIdentity"
          href="/identity/4pUVoTJ69JMuapNducHJPU68nGkQXB7R9xAWY9dmvUh42653"
        >
          Identity which has a very very very very long name and might not even fit on the screen
        </a>
      </li>
    </ul>
    <button
      class="close"
    >
      Close
    </button>
  </dialog>
</div>
`;
