// Jest Snapshot v1, https://goo.gl/fbAQLP

exports[`Popup renders 1`] = `
<div
  className="container"
>
  <div
    className="container mx-4 my-4"
  >
    <div
      className="row"
    >
      <div
        className="col-lg-12 text-center"
      >
        <p
          className="text"
        >
          Example Extension «
          Sporran
          »
        </p>
      </div>
    </div>
    <hr />
    <div
      className="row"
    >
      <div
        className="col-lg-12"
      >
        <button
          className="btn btn-block btn-outline-dark"
          onClick={[Function]}
        >
          Scroll To Top
        </button>
        <button
          className="btn btn-block btn-outline-dark"
          onClick={[Function]}
        >
          Scroll To Bottom
        </button>
      </div>
    </div>
    <p>
      
    </p>
    <p>
      
    </p>
    <form
      onSubmit={[Function]}
    >
      <label>
        Enter password:
        <input
          onChange={[Function]}
          required={true}
          type="password"
        />
      </label>
      <button
        disabled={true}
        type="submit"
      >
        Create Account
      </button>
    </form>
  </div>
</div>
`;
