// Jest Snapshot v1, https://goo.gl/fbAQLP

exports[`DidEndpointsSign should match the snapshot when adding 1`] = `
<div>
  <form
    autocomplete="off"
    class="container"
  >
    <h1
      class="heading"
    >
      Add Service Endpoint
    </h1>
    <p
      class="subline"
    >
      Sign with your password
    </p>
    <section
      class="container"
    >
      <div
        class="avatar"
      >
        Identicon
      </div>
      <div
        class="centeredNameLine"
      >
        <span
          class="name"
        >
          Identity with on-chain DID and lots of coins
        </span>
      </div>
    </section>
    <p
      class="didLine"
    >
      <input
        aria-label="DID"
        class="long"
        readonly=""
        value="did:kilt:4oeJ76hdj84xnwCNqijUHUCTmfwXgSZ4vmxLEiTEYgQdBCcZ"
      />
      <button
        aria-label="copy to clipboard"
        class="copy"
        title="copy to clipboard"
        type="button"
      />
    </p>
    <p
      class="fee"
    >
      Fee: 
      <span
        class="amount"
      >
        0
        <span
          class="fractional"
        >
          .0100
        </span>
         
        <span
          aria-label="KILT Coin"
          class="coin"
        />
      </span>
    </p>
    <dl
      class="details"
    >
      <div
        class="fullWidthDetail"
      >
        <dt
          class="detailName"
        >
          URL
        </dt>
        <dd
          class="detailValue"
        >
          https://sporran.org/
        </dd>
      </div>
      <div
        class="detail"
      >
        <dt
          class="detailName"
        >
          Type
        </dt>
        <dd
          class="detailValue"
        >
          Some Type
        </dd>
      </div>
      <div
        class="detail"
      >
        <dt
          class="detailName"
        >
          Service ID
        </dt>
        <dd
          class="detailValue"
        >
          123456
        </dd>
      </div>
    </dl>
    <p
      class="resetLine"
    >
      <label
        class="passwordLabel"
        for="password"
      >
        Sign with password:
      </label>
      <a
        class="reset"
        href="/identity/4pNXuxPWhMxhRctgB4qd3MkRt2Sxp7Y7sxrApVCVXCEcdQMo/reset"
      >
        Reset password
      </a>
    </p>
    <p
      class="passwordLine"
    >
      <input
        class="password"
        id="password"
        name="password"
        type="password"
        value=""
      />
      <button
        aria-label="Show"
        class="show"
        title="Show"
        type="button"
      />
      <output
        class="errorTooltip"
        hidden=""
      />
    </p>
    <label
      class="rememberLabel"
    >
      <span>
        Remember password for the next 15 minutes
      </span>
      <input
        class="remember"
        name="remember"
        type="checkbox"
      />
      <span />
    </label>
    <p
      class="buttonsLine"
    >
      <a
        class="cancel"
        href="/"
      >
        Cancel
      </a>
      <button
        class="submit"
        type="submit"
      >
        Sign
      </button>
      <output
        class="errorTooltip"
        hidden=""
      >
        You need at least undefined KILTs to pay the fee
      </output>
    </p>
    <button
      aria-label="Back"
      class="linkBack"
      title="Back"
      type="button"
    />
    <p
      class="stats"
    >
      You have 3 Identities with a
      <span
        class="balance"
      >
         Total Balance: 
        <span
          class="amount"
        >
          3.7020
           
          <span
            aria-label="KILT Coin"
            class="coin"
          />
        </span>
      </span>
    </p>
  </form>
</div>
`;

exports[`DidEndpointsSign should match the snapshot when removing 1`] = `
<div>
  <form
    autocomplete="off"
    class="container"
  >
    <h1
      class="heading"
    >
      Remove Service Endpoint
    </h1>
    <p
      class="subline"
    >
      Sign with your password
    </p>
    <section
      class="container"
    >
      <div
        class="avatar"
      >
        Identicon
      </div>
      <div
        class="centeredNameLine"
      >
        <span
          class="name"
        >
          Identity with on-chain DID and lots of coins
        </span>
      </div>
    </section>
    <p
      class="didLine"
    >
      <input
        aria-label="DID"
        class="long"
        readonly=""
        value="did:kilt:4oeJ76hdj84xnwCNqijUHUCTmfwXgSZ4vmxLEiTEYgQdBCcZ"
      />
      <button
        aria-label="copy to clipboard"
        class="copy"
        title="copy to clipboard"
        type="button"
      />
    </p>
    <p
      class="fee"
    >
      Fee: 
      <span
        class="amount"
      >
        0
        <span
          class="fractional"
        >
          .0100
        </span>
         
        <span
          aria-label="KILT Coin"
          class="coin"
        />
      </span>
    </p>
    <dl
      class="details"
    >
      <div
        class="fullWidthDetail"
      >
        <dt
          class="detailName"
        >
          URL
        </dt>
        <dd
          class="detailValue"
        >
          https://sporran.org/
        </dd>
      </div>
      <div
        class="detail"
      >
        <dt
          class="detailName"
        >
          Type
        </dt>
        <dd
          class="detailValue"
        >
          Some Type
        </dd>
      </div>
      <div
        class="detail"
      >
        <dt
          class="detailName"
        >
          Service ID
        </dt>
        <dd
          class="detailValue"
        >
          123456
        </dd>
      </div>
    </dl>
    <p
      class="resetLine"
    >
      <label
        class="passwordLabel"
        for="password"
      >
        Sign with password:
      </label>
      <a
        class="reset"
        href="/identity/4pNXuxPWhMxhRctgB4qd3MkRt2Sxp7Y7sxrApVCVXCEcdQMo/reset"
      >
        Reset password
      </a>
    </p>
    <p
      class="passwordLine"
    >
      <input
        class="password"
        id="password"
        name="password"
        type="password"
        value=""
      />
      <button
        aria-label="Show"
        class="show"
        title="Show"
        type="button"
      />
      <output
        class="errorTooltip"
        hidden=""
      />
    </p>
    <label
      class="rememberLabel"
    >
      <span>
        Remember password for the next 15 minutes
      </span>
      <input
        class="remember"
        name="remember"
        type="checkbox"
      />
      <span />
    </label>
    <p
      class="buttonsLine"
    >
      <a
        class="cancel"
        href="/"
      >
        Cancel
      </a>
      <button
        class="submit"
        type="submit"
      >
        Sign
      </button>
      <output
        class="errorTooltip"
        hidden=""
      >
        You need at least undefined KILTs to pay the fee
      </output>
    </p>
    <button
      aria-label="Back"
      class="linkBack"
      title="Back"
      type="button"
    />
    <p
      class="stats"
    >
      You have 3 Identities with a
      <span
        class="balance"
      >
         Total Balance: 
        <span
          class="amount"
        >
          3.7020
           
          <span
            aria-label="KILT Coin"
            class="coin"
          />
        </span>
      </span>
    </p>
  </form>
</div>
`;
