// Jest Snapshot v1, https://goo.gl/fbAQLP

exports[`UnknownIdentity should match the snapshot 1`] = `
<div>
  <section
    class="container"
  >
    <h1
      class="heading"
    >
      Error
    </h1>
    <p
      class="text"
    >
      The identity 4qp7KB8jbwqS6XXL8zH8qZn3GCdnZDt6Nmq5M47ztGKhXJVh is not recognized by Sporran.
    </p>
    <p
      class="text"
    >
      This operation is only supported for identities existing in Sporran.
    </p>
  </section>
</div>
`;
