// Jest Snapshot v1, https://goo.gl/fbAQLP

exports[`Stats should render for at least two identities 1`] = `
<div>
  <p
    class="stats"
  >
    You have 3 Identities with a
    <span
      class="balance"
    >
       Total Balance: 
      <span
        class="amount"
      >
        3.7020
         
        <span
          aria-label="KILT Coin"
          class="coin"
        />
      </span>
    </span>
  </p>
</div>
`;
