// Jest Snapshot v1, https://goo.gl/fbAQLP

exports[`PasswordField should match the snapshot 1`] = `
<div>
  <form>
    <p
      class="resetLine"
    >
      <label
        class="passwordLabel"
        for="password"
      >
        Sign with password:
      </label>
      <a
        class="reset"
        href="/identity/4tDjyLy2gESkLzvaLnpbn7N61VgnwAhqnTHsPPFAwaZjGwP1/reset"
      >
        Reset password
      </a>
    </p>
    <p
      class="passwordLine"
    >
      <input
        class="password"
        id="password"
        name="password"
        type="password"
        value=""
      />
      <button
        aria-label="Show"
        class="show"
        title="Show"
        type="button"
      />
      <output
        class="errorTooltip"
        hidden=""
      />
    </p>
    <label
      class="rememberLabel"
    >
      <span>
        Remember password for the next 15 minutes
      </span>
      <input
        class="remember"
        name="remember"
        type="checkbox"
      />
      <span />
    </label>
  </form>
</div>
`;
