// Jest Snapshot v1, https://goo.gl/fbAQLP

exports[`SignQuote should render 1`] = `
<div>
  <form
    autocomplete="off"
    class="container"
  >
    <h1
      class="heading"
    >
      Terms of Attestation
    </h1>
    <p
      class="subline"
    >
      The credential will be issued to this Identity
    </p>
    <section
      class="container"
    >
      <div
        class="avatar"
      >
        Identicon
      </div>
      <div
        class="centeredNameLine"
      >
        <span
          class="name"
        >
          Light DID Identity
        </span>
      </div>
    </section>
    <p
      class="costs"
    >
      <span>
        Credential Costs: 
      </span>
      <span
        class="amount"
      >
        233
        <span
          class="fractional"
        >
          .0000
        </span>
         
        <span
          aria-label="KILT Coin"
          class="coin"
        />
      </span>
    </p>
    <dl
      class="details"
    >
      <dt
        class="detailName"
      >
        Full Name
        :
      </dt>
      <dd
        class="detailValue"
      >
        Ingo Rï¿½be
      </dd>
      <dt
        class="detailName"
      >
        Email
        :
      </dt>
      <dd
        class="detailValue"
      >
        ingo@kilt.io
      </dd>
      <dt
        class="detailName"
      >
        Credential type
        :
      </dt>
      <dd
        class="detailValue"
      >
        BL-Mail-Simple
      </dd>
      <dt
        class="detailName"
      >
        Attester
        :
      </dt>
      <dd
        class="detailValue"
      >
        SocialKYC
      </dd>
    </dl>
    <p
      class="resetLine"
    >
      <label
        class="passwordLabel"
        for="password"
      >
        Sign with password:
      </label>
      <a
        class="reset"
        href="/identity/4tDjyLy2gESkLzvaLnpbn7N61VgnwAhqnTHsPPFAwaZjGwP1/reset"
      >
        Reset password
      </a>
    </p>
    <p
      class="passwordLine"
    >
      <input
        class="password"
        id="password"
        name="password"
        type="password"
        value=""
      />
      <button
        aria-label="Show"
        class="show"
        title="Show"
        type="button"
      />
      <output
        class="errorTooltip"
        hidden=""
      />
    </p>
    <label
      class="rememberLabel"
    >
      <span>
        Remember password for the next 15 minutes
      </span>
      <input
        class="remember"
        name="remember"
        type="checkbox"
      />
      <span />
    </label>
    <p
      class="buttonsLine"
    >
      <button
        class="cancel"
        type="button"
      >
        Cancel
      </button>
      <button
        class="submit"
        type="submit"
      >
        Request Attestation
      </button>
      <output
        class="errorTooltip"
        hidden=""
      >
        DID deleted, please select a different Identity
      </output>
    </p>
  </form>
</div>
`;

exports[`SignQuote should show error message if on-chain DID deleted 1`] = `
<div>
  <form
    autocomplete="off"
    class="container"
  >
    <h1
      class="heading"
    >
      Terms of Attestation
    </h1>
    <p
      class="subline"
    >
      Choose an Identity for your credential
    </p>
    <div
      class="container"
    >
      <section
        class="container"
      >
        <div
          class="avatar"
        >
          Identicon
        </div>
        <div
          class="centeredNameLine"
        >
          <span
            class="name"
          >
            Identity with deleted on-chain DID
          </span>
        </div>
      </section>
      <a
        aria-label="Add Identity"
        class="left"
        href="/?data=eyJjbGFpbSI6eyJjVHlwZUhhc2giOiIweDI0MGM3NDQ5MjNiZDk4Nzk3NTA0MzI4ZjliZWY1N2NhNmM3NzdmNWNiZjNlMWFhZGE3NGYzNDhjOTg3OWQ3OGEiLCJjb250ZW50cyI6eyJGdWxsIE5hbWUiOiJJbmdvIFL8YmUiLCJFbWFpbCI6ImluZ29Aa2lsdC5pbyJ9LCJvd25lciI6ImRpZDpraWx0OmxpZ2h0OjAwNG9VaUszRXZUY3pjNnVrWUxFVjU3QnV4emtXOXprc0tSY2haWFlHU29jTG1XRTVOIn0sImxlZ2l0aW1hdGlvbnMiOltdLCJxdW90ZSI6eyJhdHRlc3RlclNpZ25hdHVyZSI6eyJrZXlVcmkiOiJkaWQ6a2lsdDo0b2VKNzZoZGo4NHhud0NOcWlqVUhVQ1RtZndYZ1NaNHZteExFaVRFWWdRZEJDY1ojMHg1OWE1NmUxYTQwMTdiNjBhMDBjNTQ1MGJmZDZhZjIxZGM3NTNlODRlZjcyZjJmZDQ1ZGZjMjdkZDVjM2JkYWZiIiwic2lnbmF0dXJlIjoiMHgzMGQwMWFlZmQ2NGM3ZWVhNDhiYzc0Mzc4MmZlNTRiYTU4Zjk2YjVhOTFlMzNkOGQ5ZWU1ZmFlMjgyOTY0OTY3YmRlYTVlOWFjM2YzMTc1NmZkMjUxYTQwZWE0ZDJlOWE5M2FjOWIxMzE0Y2MwMzdjZGNiMDRhNTNhMDA3ZTY4ZiJ9LCJhdHRlc3RlckRpZCI6ImRpZDpraWx0OjRvZUo3Nmhkajg0eG53Q05xaWpVSFVDVG1md1hnU1o0dm14TEVpVEVZZ1FkQkNjWiIsImNUeXBlSGFzaCI6IjB4YmZhZDYwOTc3YmMxOGNmOWRmZDc2ZGE4ODYyNGNlMjE5MzYxZjMzN2I0MzMyZDVjNDJjMDQ3NDk5ZjRiOTNjNyIsImNvc3QiOnsiZ3Jvc3MiOjIzMywibmV0IjoyMy4zLCJ0YXgiOnsidmF0IjozLjN9fSwiY3VycmVuY3kiOiJLSUxUIiwidGltZWZyYW1lIjoiU2F0IEp1bCAxMCAyMDIxIDAwOjAwOjAwIEdNVCswMDAwIChDb29yZGluYXRlZCBVbml2ZXJzYWwgVGltZSkiLCJ0ZXJtc0FuZENvbmRpdGlvbnMiOiJodHRwczovL3d3dy5leGFtcGxlLmNvbS90ZXJtcyJ9LCJjVHlwZXMiOlt7IiRpZCI6ImtpbHQ6Y3R5cGU6MHgyNDBjNzQ0OTIzYmQ5ODc5NzUwNDMyOGY5YmVmNTdjYTZjNzc3ZjVjYmYzZTFhYWRhNzRmMzQ4Yzk4NzlkNzhhIiwiJHNjaGVtYSI6Imh0dHA6Ly9raWx0LXByb3RvY29sLm9yZy9kcmFmdC0wMS9jdHlwZSMiLCJ0aXRsZSI6IkJMLU1haWwtU2ltcGxlIiwicHJvcGVydGllcyI6eyJGdWxsIG5hbWUiOnsidHlwZSI6InN0cmluZyJ9LCJFbWFpbCI6eyJ0eXBlIjoic3RyaW5nIn19LCJ0eXBlIjoib2JqZWN0In1dLCJhdHRlc3Rlck5hbWUiOiJTb2NpYWxLWUMiLCJhdHRlc3RlckRpZCI6ImRpZDpraWx0OjRvZUo3Nmhkajg0eG53Q05xaWpVSFVDVG1md1hnU1o0dm14TEVpVEVZZ1FkQkNjWiIsInNwZWNWZXJzaW9uIjoiMy4wIn0="
        title="Add Identity"
      />
      <a
        aria-label="Light DID Identity"
        class="right"
        href="/?data=eyJjbGFpbSI6eyJjVHlwZUhhc2giOiIweDI0MGM3NDQ5MjNiZDk4Nzk3NTA0MzI4ZjliZWY1N2NhNmM3NzdmNWNiZjNlMWFhZGE3NGYzNDhjOTg3OWQ3OGEiLCJjb250ZW50cyI6eyJGdWxsIE5hbWUiOiJJbmdvIFL8YmUiLCJFbWFpbCI6ImluZ29Aa2lsdC5pbyJ9LCJvd25lciI6ImRpZDpraWx0OmxpZ2h0OjAwNG9VaUszRXZUY3pjNnVrWUxFVjU3QnV4emtXOXprc0tSY2haWFlHU29jTG1XRTVOIn0sImxlZ2l0aW1hdGlvbnMiOltdLCJxdW90ZSI6eyJhdHRlc3RlclNpZ25hdHVyZSI6eyJrZXlVcmkiOiJkaWQ6a2lsdDo0b2VKNzZoZGo4NHhud0NOcWlqVUhVQ1RtZndYZ1NaNHZteExFaVRFWWdRZEJDY1ojMHg1OWE1NmUxYTQwMTdiNjBhMDBjNTQ1MGJmZDZhZjIxZGM3NTNlODRlZjcyZjJmZDQ1ZGZjMjdkZDVjM2JkYWZiIiwic2lnbmF0dXJlIjoiMHgzMGQwMWFlZmQ2NGM3ZWVhNDhiYzc0Mzc4MmZlNTRiYTU4Zjk2YjVhOTFlMzNkOGQ5ZWU1ZmFlMjgyOTY0OTY3YmRlYTVlOWFjM2YzMTc1NmZkMjUxYTQwZWE0ZDJlOWE5M2FjOWIxMzE0Y2MwMzdjZGNiMDRhNTNhMDA3ZTY4ZiJ9LCJhdHRlc3RlckRpZCI6ImRpZDpraWx0OjRvZUo3Nmhkajg0eG53Q05xaWpVSFVDVG1md1hnU1o0dm14TEVpVEVZZ1FkQkNjWiIsImNUeXBlSGFzaCI6IjB4YmZhZDYwOTc3YmMxOGNmOWRmZDc2ZGE4ODYyNGNlMjE5MzYxZjMzN2I0MzMyZDVjNDJjMDQ3NDk5ZjRiOTNjNyIsImNvc3QiOnsiZ3Jvc3MiOjIzMywibmV0IjoyMy4zLCJ0YXgiOnsidmF0IjozLjN9fSwiY3VycmVuY3kiOiJLSUxUIiwidGltZWZyYW1lIjoiU2F0IEp1bCAxMCAyMDIxIDAwOjAwOjAwIEdNVCswMDAwIChDb29yZGluYXRlZCBVbml2ZXJzYWwgVGltZSkiLCJ0ZXJtc0FuZENvbmRpdGlvbnMiOiJodHRwczovL3d3dy5leGFtcGxlLmNvbS90ZXJtcyJ9LCJjVHlwZXMiOlt7IiRpZCI6ImtpbHQ6Y3R5cGU6MHgyNDBjNzQ0OTIzYmQ5ODc5NzUwNDMyOGY5YmVmNTdjYTZjNzc3ZjVjYmYzZTFhYWRhNzRmMzQ4Yzk4NzlkNzhhIiwiJHNjaGVtYSI6Imh0dHA6Ly9raWx0LXByb3RvY29sLm9yZy9kcmFmdC0wMS9jdHlwZSMiLCJ0aXRsZSI6IkJMLU1haWwtU2ltcGxlIiwicHJvcGVydGllcyI6eyJGdWxsIG5hbWUiOnsidHlwZSI6InN0cmluZyJ9LCJFbWFpbCI6eyJ0eXBlIjoic3RyaW5nIn19LCJ0eXBlIjoib2JqZWN0In1dLCJhdHRlc3Rlck5hbWUiOiJTb2NpYWxLWUMiLCJhdHRlc3RlckRpZCI6ImRpZDpraWx0OjRvZUo3Nmhkajg0eG53Q05xaWpVSFVDVG1md1hnU1o0dm14TEVpVEVZZ1FkQkNjWiIsInNwZWNWZXJzaW9uIjoiMy4wIn0="
        title="Light DID Identity"
      />
      <ul
        class="bubbles"
      >
        <li
          class="item"
        >
          <a
            aria-current="page"
            aria-label="Light DID Identity"
            class="bubble bubbleActive"
            href="/?data=eyJjbGFpbSI6eyJjVHlwZUhhc2giOiIweDI0MGM3NDQ5MjNiZDk4Nzk3NTA0MzI4ZjliZWY1N2NhNmM3NzdmNWNiZjNlMWFhZGE3NGYzNDhjOTg3OWQ3OGEiLCJjb250ZW50cyI6eyJGdWxsIE5hbWUiOiJJbmdvIFL8YmUiLCJFbWFpbCI6ImluZ29Aa2lsdC5pbyJ9LCJvd25lciI6ImRpZDpraWx0OmxpZ2h0OjAwNG9VaUszRXZUY3pjNnVrWUxFVjU3QnV4emtXOXprc0tSY2haWFlHU29jTG1XRTVOIn0sImxlZ2l0aW1hdGlvbnMiOltdLCJxdW90ZSI6eyJhdHRlc3RlclNpZ25hdHVyZSI6eyJrZXlVcmkiOiJkaWQ6a2lsdDo0b2VKNzZoZGo4NHhud0NOcWlqVUhVQ1RtZndYZ1NaNHZteExFaVRFWWdRZEJDY1ojMHg1OWE1NmUxYTQwMTdiNjBhMDBjNTQ1MGJmZDZhZjIxZGM3NTNlODRlZjcyZjJmZDQ1ZGZjMjdkZDVjM2JkYWZiIiwic2lnbmF0dXJlIjoiMHgzMGQwMWFlZmQ2NGM3ZWVhNDhiYzc0Mzc4MmZlNTRiYTU4Zjk2YjVhOTFlMzNkOGQ5ZWU1ZmFlMjgyOTY0OTY3YmRlYTVlOWFjM2YzMTc1NmZkMjUxYTQwZWE0ZDJlOWE5M2FjOWIxMzE0Y2MwMzdjZGNiMDRhNTNhMDA3ZTY4ZiJ9LCJhdHRlc3RlckRpZCI6ImRpZDpraWx0OjRvZUo3Nmhkajg0eG53Q05xaWpVSFVDVG1md1hnU1o0dm14TEVpVEVZZ1FkQkNjWiIsImNUeXBlSGFzaCI6IjB4YmZhZDYwOTc3YmMxOGNmOWRmZDc2ZGE4ODYyNGNlMjE5MzYxZjMzN2I0MzMyZDVjNDJjMDQ3NDk5ZjRiOTNjNyIsImNvc3QiOnsiZ3Jvc3MiOjIzMywibmV0IjoyMy4zLCJ0YXgiOnsidmF0IjozLjN9fSwiY3VycmVuY3kiOiJLSUxUIiwidGltZWZyYW1lIjoiU2F0IEp1bCAxMCAyMDIxIDAwOjAwOjAwIEdNVCswMDAwIChDb29yZGluYXRlZCBVbml2ZXJzYWwgVGltZSkiLCJ0ZXJtc0FuZENvbmRpdGlvbnMiOiJodHRwczovL3d3dy5leGFtcGxlLmNvbS90ZXJtcyJ9LCJjVHlwZXMiOlt7IiRpZCI6ImtpbHQ6Y3R5cGU6MHgyNDBjNzQ0OTIzYmQ5ODc5NzUwNDMyOGY5YmVmNTdjYTZjNzc3ZjVjYmYzZTFhYWRhNzRmMzQ4Yzk4NzlkNzhhIiwiJHNjaGVtYSI6Imh0dHA6Ly9raWx0LXByb3RvY29sLm9yZy9kcmFmdC0wMS9jdHlwZSMiLCJ0aXRsZSI6IkJMLU1haWwtU2ltcGxlIiwicHJvcGVydGllcyI6eyJGdWxsIG5hbWUiOnsidHlwZSI6InN0cmluZyJ9LCJFbWFpbCI6eyJ0eXBlIjoic3RyaW5nIn19LCJ0eXBlIjoib2JqZWN0In1dLCJhdHRlc3Rlck5hbWUiOiJTb2NpYWxLWUMiLCJhdHRlc3RlckRpZCI6ImRpZDpraWx0OjRvZUo3Nmhkajg0eG53Q05xaWpVSFVDVG1md1hnU1o0dm14TEVpVEVZZ1FkQkNjWiIsInNwZWNWZXJzaW9uIjoiMy4wIn0="
            title="Light DID Identity"
          />
        </li>
        <li
          class="item"
        >
          <a
            aria-current="page"
            aria-label="Identity with on-chain DID and lots of coins"
            class="bubble bubbleActive"
            href="/?data=eyJjbGFpbSI6eyJjVHlwZUhhc2giOiIweDI0MGM3NDQ5MjNiZDk4Nzk3NTA0MzI4ZjliZWY1N2NhNmM3NzdmNWNiZjNlMWFhZGE3NGYzNDhjOTg3OWQ3OGEiLCJjb250ZW50cyI6eyJGdWxsIE5hbWUiOiJJbmdvIFL8YmUiLCJFbWFpbCI6ImluZ29Aa2lsdC5pbyJ9LCJvd25lciI6ImRpZDpraWx0OmxpZ2h0OjAwNG9VaUszRXZUY3pjNnVrWUxFVjU3QnV4emtXOXprc0tSY2haWFlHU29jTG1XRTVOIn0sImxlZ2l0aW1hdGlvbnMiOltdLCJxdW90ZSI6eyJhdHRlc3RlclNpZ25hdHVyZSI6eyJrZXlVcmkiOiJkaWQ6a2lsdDo0b2VKNzZoZGo4NHhud0NOcWlqVUhVQ1RtZndYZ1NaNHZteExFaVRFWWdRZEJDY1ojMHg1OWE1NmUxYTQwMTdiNjBhMDBjNTQ1MGJmZDZhZjIxZGM3NTNlODRlZjcyZjJmZDQ1ZGZjMjdkZDVjM2JkYWZiIiwic2lnbmF0dXJlIjoiMHgzMGQwMWFlZmQ2NGM3ZWVhNDhiYzc0Mzc4MmZlNTRiYTU4Zjk2YjVhOTFlMzNkOGQ5ZWU1ZmFlMjgyOTY0OTY3YmRlYTVlOWFjM2YzMTc1NmZkMjUxYTQwZWE0ZDJlOWE5M2FjOWIxMzE0Y2MwMzdjZGNiMDRhNTNhMDA3ZTY4ZiJ9LCJhdHRlc3RlckRpZCI6ImRpZDpraWx0OjRvZUo3Nmhkajg0eG53Q05xaWpVSFVDVG1md1hnU1o0dm14TEVpVEVZZ1FkQkNjWiIsImNUeXBlSGFzaCI6IjB4YmZhZDYwOTc3YmMxOGNmOWRmZDc2ZGE4ODYyNGNlMjE5MzYxZjMzN2I0MzMyZDVjNDJjMDQ3NDk5ZjRiOTNjNyIsImNvc3QiOnsiZ3Jvc3MiOjIzMywibmV0IjoyMy4zLCJ0YXgiOnsidmF0IjozLjN9fSwiY3VycmVuY3kiOiJLSUxUIiwidGltZWZyYW1lIjoiU2F0IEp1bCAxMCAyMDIxIDAwOjAwOjAwIEdNVCswMDAwIChDb29yZGluYXRlZCBVbml2ZXJzYWwgVGltZSkiLCJ0ZXJtc0FuZENvbmRpdGlvbnMiOiJodHRwczovL3d3dy5leGFtcGxlLmNvbS90ZXJtcyJ9LCJjVHlwZXMiOlt7IiRpZCI6ImtpbHQ6Y3R5cGU6MHgyNDBjNzQ0OTIzYmQ5ODc5NzUwNDMyOGY5YmVmNTdjYTZjNzc3ZjVjYmYzZTFhYWRhNzRmMzQ4Yzk4NzlkNzhhIiwiJHNjaGVtYSI6Imh0dHA6Ly9raWx0LXByb3RvY29sLm9yZy9kcmFmdC0wMS9jdHlwZSMiLCJ0aXRsZSI6IkJMLU1haWwtU2ltcGxlIiwicHJvcGVydGllcyI6eyJGdWxsIG5hbWUiOnsidHlwZSI6InN0cmluZyJ9LCJFbWFpbCI6eyJ0eXBlIjoic3RyaW5nIn19LCJ0eXBlIjoib2JqZWN0In1dLCJhdHRlc3Rlck5hbWUiOiJTb2NpYWxLWUMiLCJhdHRlc3RlckRpZCI6ImRpZDpraWx0OjRvZUo3Nmhkajg0eG53Q05xaWpVSFVDVG1md1hnU1o0dm14TEVpVEVZZ1FkQkNjWiIsInNwZWNWZXJzaW9uIjoiMy4wIn0="
            title="Identity with on-chain DID and lots of coins"
          />
        </li>
        <li
          class="item"
        >
          <a
            aria-current="page"
            aria-label="Identity which has a very very very very long name and might not even fit on the screen"
            class="bubble bubbleActive"
            href="/?data=eyJjbGFpbSI6eyJjVHlwZUhhc2giOiIweDI0MGM3NDQ5MjNiZDk4Nzk3NTA0MzI4ZjliZWY1N2NhNmM3NzdmNWNiZjNlMWFhZGE3NGYzNDhjOTg3OWQ3OGEiLCJjb250ZW50cyI6eyJGdWxsIE5hbWUiOiJJbmdvIFL8YmUiLCJFbWFpbCI6ImluZ29Aa2lsdC5pbyJ9LCJvd25lciI6ImRpZDpraWx0OmxpZ2h0OjAwNG9VaUszRXZUY3pjNnVrWUxFVjU3QnV4emtXOXprc0tSY2haWFlHU29jTG1XRTVOIn0sImxlZ2l0aW1hdGlvbnMiOltdLCJxdW90ZSI6eyJhdHRlc3RlclNpZ25hdHVyZSI6eyJrZXlVcmkiOiJkaWQ6a2lsdDo0b2VKNzZoZGo4NHhud0NOcWlqVUhVQ1RtZndYZ1NaNHZteExFaVRFWWdRZEJDY1ojMHg1OWE1NmUxYTQwMTdiNjBhMDBjNTQ1MGJmZDZhZjIxZGM3NTNlODRlZjcyZjJmZDQ1ZGZjMjdkZDVjM2JkYWZiIiwic2lnbmF0dXJlIjoiMHgzMGQwMWFlZmQ2NGM3ZWVhNDhiYzc0Mzc4MmZlNTRiYTU4Zjk2YjVhOTFlMzNkOGQ5ZWU1ZmFlMjgyOTY0OTY3YmRlYTVlOWFjM2YzMTc1NmZkMjUxYTQwZWE0ZDJlOWE5M2FjOWIxMzE0Y2MwMzdjZGNiMDRhNTNhMDA3ZTY4ZiJ9LCJhdHRlc3RlckRpZCI6ImRpZDpraWx0OjRvZUo3Nmhkajg0eG53Q05xaWpVSFVDVG1md1hnU1o0dm14TEVpVEVZZ1FkQkNjWiIsImNUeXBlSGFzaCI6IjB4YmZhZDYwOTc3YmMxOGNmOWRmZDc2ZGE4ODYyNGNlMjE5MzYxZjMzN2I0MzMyZDVjNDJjMDQ3NDk5ZjRiOTNjNyIsImNvc3QiOnsiZ3Jvc3MiOjIzMywibmV0IjoyMy4zLCJ0YXgiOnsidmF0IjozLjN9fSwiY3VycmVuY3kiOiJLSUxUIiwidGltZWZyYW1lIjoiU2F0IEp1bCAxMCAyMDIxIDAwOjAwOjAwIEdNVCswMDAwIChDb29yZGluYXRlZCBVbml2ZXJzYWwgVGltZSkiLCJ0ZXJtc0FuZENvbmRpdGlvbnMiOiJodHRwczovL3d3dy5leGFtcGxlLmNvbS90ZXJtcyJ9LCJjVHlwZXMiOlt7IiRpZCI6ImtpbHQ6Y3R5cGU6MHgyNDBjNzQ0OTIzYmQ5ODc5NzUwNDMyOGY5YmVmNTdjYTZjNzc3ZjVjYmYzZTFhYWRhNzRmMzQ4Yzk4NzlkNzhhIiwiJHNjaGVtYSI6Imh0dHA6Ly9raWx0LXByb3RvY29sLm9yZy9kcmFmdC0wMS9jdHlwZSMiLCJ0aXRsZSI6IkJMLU1haWwtU2ltcGxlIiwicHJvcGVydGllcyI6eyJGdWxsIG5hbWUiOnsidHlwZSI6InN0cmluZyJ9LCJFbWFpbCI6eyJ0eXBlIjoic3RyaW5nIn19LCJ0eXBlIjoib2JqZWN0In1dLCJhdHRlc3Rlck5hbWUiOiJTb2NpYWxLWUMiLCJhdHRlc3RlckRpZCI6ImRpZDpraWx0OjRvZUo3Nmhkajg0eG53Q05xaWpVSFVDVG1md1hnU1o0dm14TEVpVEVZZ1FkQkNjWiIsInNwZWNWZXJzaW9uIjoiMy4wIn0="
            title="Identity which has a very very very very long name and might not even fit on the screen"
          />
        </li>
        <li
          class="item"
        >
          <a
            aria-current="page"
            aria-label="Add Identity"
            class="add addActive"
            href="/"
            title="Add Identity"
          />
        </li>
      </ul>
    </div>
    <p
      class="costs"
    >
      <span>
        Credential Costs: 
      </span>
      <span
        class="amount"
      >
        233
        <span
          class="fractional"
        >
          .0000
        </span>
         
        <span
          aria-label="KILT Coin"
          class="coin"
        />
      </span>
    </p>
    <dl
      class="details"
    >
      <dt
        class="detailName"
      >
        Full Name
        :
      </dt>
      <dd
        class="detailValue"
      >
        Ingo Rï¿½be
      </dd>
      <dt
        class="detailName"
      >
        Email
        :
      </dt>
      <dd
        class="detailValue"
      >
        ingo@kilt.io
      </dd>
      <dt
        class="detailName"
      >
        Credential type
        :
      </dt>
      <dd
        class="detailValue"
      >
        BL-Mail-Simple
      </dd>
      <dt
        class="detailName"
      >
        Attester
        :
      </dt>
      <dd
        class="detailValue"
      >
        SocialKYC
      </dd>
    </dl>
    <p
      class="resetLine"
    >
      <label
        class="passwordLabel"
        for="password"
      >
        Sign with password:
      </label>
      <a
        class="reset"
        href="/identity/4rZ7pGtvmLhAYesf7DAzLQixdTEwWPN3emKb44bKVXqSoTZB/reset"
      >
        Reset password
      </a>
    </p>
    <p
      class="passwordLine"
    >
      <input
        class="password"
        id="password"
        name="password"
        type="password"
        value=""
      />
      <button
        aria-label="Show"
        class="show"
        title="Show"
        type="button"
      />
      <output
        class="errorTooltip"
        hidden=""
      />
    </p>
    <label
      class="rememberLabel"
    >
      <span>
        Remember password for the next 15 minutes
      </span>
      <input
        class="remember"
        name="remember"
        type="checkbox"
      />
      <span />
    </label>
    <p
      class="buttonsLine"
    >
      <button
        class="cancel"
        type="button"
      >
        Cancel
      </button>
      <button
        class="submit"
        disabled=""
        type="submit"
      >
        Request Attestation
      </button>
      <output
        class="errorTooltip"
      >
        DID deleted, please select a different Identity
      </output>
    </p>
  </form>
</div>
`;
