// Jest Snapshot v1, https://goo.gl/fbAQLP

exports[`ShareIdentities should render 1`] = `
<div>
  <form
    class="container"
  >
    <h1
      class="heading"
    >
      Share your Identities
    </h1>
    <section
      class="details"
    >
      <p
        class="label"
      >
        Request from:
      </p>
      <p
        class="origin"
      >
        https://example.org/foo
      </p>
    </section>
    <h2
      class="choose"
    >
      Choose at least one Identity with a DID to share
    </h2>
    <ul
      class="identities"
    >
      <li>
        <label
          class="identityLine"
        >
          <input
            class="namesInput"
            disabled=""
            name="4tDjyLy2gESkLzvaLnpbn7N61VgnwAhqnTHsPPFAwaZjGwP1"
            type="checkbox"
          />
          <span />
          <div
            class="avatar"
          >
            Identicon
          </div>
          <span
            class="disabled"
          >
            [no DID] 
            Light DID Identity
          </span>
        </label>
      </li>
      <li>
        <label
          class="identityLine"
        >
          <input
            class="namesInput"
            disabled=""
            name="4pNXuxPWhMxhRctgB4qd3MkRt2Sxp7Y7sxrApVCVXCEcdQMo"
            type="checkbox"
          />
          <span />
          <div
            class="avatar"
          >
            Identicon
          </div>
          <span
            class="disabled"
          >
            [no DID] 
            Identity with on-chain DID and lots of coins
          </span>
        </label>
      </li>
      <li>
        <label
          class="identityLine"
        >
          <input
            class="namesInput"
            disabled=""
            name="4pUVoTJ69JMuapNducHJPU68nGkQXB7R9xAWY9dmvUh42653"
            type="checkbox"
          />
          <span />
          <div
            class="avatar"
          >
            Identicon
          </div>
          <span
            class="disabled"
          >
            [no DID] 
            Identity which has a very very very very long name and might not even fit on the screen
          </span>
        </label>
      </li>
    </ul>
    <p>
      <label
        class="names"
      >
        <input
          class="namesInput"
          name="names"
          type="checkbox"
        />
        <span />
        Include names when sharing
      </label>
    </p>
    <p
      class="buttonsLine"
    >
      <button
        class="reject"
        type="button"
      >
        Cancel
      </button>
      <button
        class="submit"
        type="submit"
      >
        Share
      </button>
      <output
        class="errorTooltip"
        hidden=""
      >
        Choose at least one Identity with a DID to share
      </output>
    </p>
  </form>
</div>
`;
