// Jest Snapshot v1, https://goo.gl/fbAQLP

exports[`DidDowngradeWarningWeb3Name should render 1`] = `
<div>
  <section
    class="container"
  >
    <h1
      class="heading"
    >
      Remove DID
    </h1>
    <p
      class="subline"
    >
      Remove DID from the KILT blockchain
    </p>
    <div
      class="avatar fullDid"
    >
      Identicon
    </div>
    <p
      class="warning"
    >
      Attention! Removing your DID will also remove your web3name:
    </p>
    <p
      class="details"
    >
      <span
        class="label"
      >
        web3name: 
      </span>
      fancy-name
    </p>
    <p
      class="explanation"
    >
      Please note: if you remove your web3name, it can be claimed by someone else.
    </p>
    <p
      class="buttonsLine"
    >
      <button
        class="cancel"
      >
        Cancel
      </button>
      <a
        class="cta"
        href="/identity/4pNXuxPWhMxhRctgB4qd3MkRt2Sxp7Y7sxrApVCVXCEcdQMo/did/downgrade/warning/credentials"
      >
        Continue
      </a>
    </p>
    <button
      aria-label="Back"
      class="linkBack"
      title="Back"
      type="button"
    />
    <p
      class="stats"
    >
      You have 3 Identities with a
      <span
        class="balance"
      >
         Total Balance: 
        <span
          class="amount"
        >
          3.7020
           
          <span
            aria-label="KILT Coin"
            class="coin"
          />
        </span>
      </span>
    </p>
  </section>
</div>
`;
